// Jest Snapshot v1, https://goo.gl/fbAQLP

exports[`Game Should match the snapshot 1`] = `
<div
  className="welcome"
>
  <p
    className="right-answer"
  >
    Correct Answer!
  </p>
  <p
    class="wrong-answer"
  >
    Wrong Answer!
  </p>
  <article
    className="card"
  >
    <h2
      className="question"
    >
      Returns the character at the specified index (position)
    </h2>
  </article>
  <input
    id="answer-input"
    onChange={[Function]}
    placeholder="Enter Answer Here"
    type="text"
  />
  <input
    id="answer-submit"
    onClick={[Function]}
    type="Submit"
  />
  <input
    id="restart"
    onClick={[Function]}
    type="Submit"
    value="Restart"
  />
  <section
    className="wrong"
  >
    <i
      className="fas fa-times"
      id="OneX"
    />
    <i
      className="fas fa-times"
      id="TwoX"
    />
    <i
      className="fas fa-times"
      id="ThreeX"
    />
  </section>
</div>
`;
